// Jest Snapshot v1, https://goo.gl/fbAQLP

exports[`NotFound Tests NotFound Component Snapshot 1`] = `ShallowWrapper {}`;
