// Jest Snapshot v1, https://goo.gl/fbAQLP

exports[`Topbar Testing with Jest Topbar Component Snapshot 1`] = `ShallowWrapper {}`;
