// Jest Snapshot v1, https://goo.gl/fbAQLP

exports[`App Testing with Jest App Component Snapshot 1`] = `ShallowWrapper {}`;
